Archive member included to satisfy reference by file (symbol)

c:/st/stm32cubeide_1.10.1/stm32cubeide/plugins/com.st.stm32cube.ide.mcu.externaltools.gnu-tools-for-stm32.10.3-2021.10.win32_1.0.0.202111181127/tools/bin/../lib/gcc/arm-none-eabi/10.3.1/../../../../arm-none-eabi/lib/thumb/v6-m/nofp\libc_nano.a(lib_a-errno.o)
                              ./Core/Src/syscalls.o (__errno)
c:/st/stm32cubeide_1.10.1/stm32cubeide/plugins/com.st.stm32cube.ide.mcu.externaltools.gnu-tools-for-stm32.10.3-2021.10.win32_1.0.0.202111181127/tools/bin/../lib/gcc/arm-none-eabi/10.3.1/../../../../arm-none-eabi/lib/thumb/v6-m/nofp\libc_nano.a(lib_a-exit.o)
                              c:/st/stm32cubeide_1.10.1/stm32cubeide/plugins/com.st.stm32cube.ide.mcu.externaltools.gnu-tools-for-stm32.10.3-2021.10.win32_1.0.0.202111181127/tools/bin/../lib/gcc/arm-none-eabi/10.3.1/../../../../arm-none-eabi/lib/thumb/v6-m/nofp/crt0.o (exit)
c:/st/stm32cubeide_1.10.1/stm32cubeide/plugins/com.st.stm32cube.ide.mcu.externaltools.gnu-tools-for-stm32.10.3-2021.10.win32_1.0.0.202111181127/tools/bin/../lib/gcc/arm-none-eabi/10.3.1/../../../../arm-none-eabi/lib/thumb/v6-m/nofp\libc_nano.a(lib_a-impure.o)
                              c:/st/stm32cubeide_1.10.1/stm32cubeide/plugins/com.st.stm32cube.ide.mcu.externaltools.gnu-tools-for-stm32.10.3-2021.10.win32_1.0.0.202111181127/tools/bin/../lib/gcc/arm-none-eabi/10.3.1/../../../../arm-none-eabi/lib/thumb/v6-m/nofp\libc_nano.a(lib_a-exit.o) (_global_impure_ptr)
c:/st/stm32cubeide_1.10.1/stm32cubeide/plugins/com.st.stm32cube.ide.mcu.externaltools.gnu-tools-for-stm32.10.3-2021.10.win32_1.0.0.202111181127/tools/bin/../lib/gcc/arm-none-eabi/10.3.1/../../../../arm-none-eabi/lib/thumb/v6-m/nofp\libc_nano.a(lib_a-init.o)
                              c:/st/stm32cubeide_1.10.1/stm32cubeide/plugins/com.st.stm32cube.ide.mcu.externaltools.gnu-tools-for-stm32.10.3-2021.10.win32_1.0.0.202111181127/tools/bin/../lib/gcc/arm-none-eabi/10.3.1/../../../../arm-none-eabi/lib/thumb/v6-m/nofp/crt0.o (__libc_init_array)
c:/st/stm32cubeide_1.10.1/stm32cubeide/plugins/com.st.stm32cube.ide.mcu.externaltools.gnu-tools-for-stm32.10.3-2021.10.win32_1.0.0.202111181127/tools/bin/../lib/gcc/arm-none-eabi/10.3.1/../../../../arm-none-eabi/lib/thumb/v6-m/nofp\libc_nano.a(lib_a-memset.o)
                              c:/st/stm32cubeide_1.10.1/stm32cubeide/plugins/com.st.stm32cube.ide.mcu.externaltools.gnu-tools-for-stm32.10.3-2021.10.win32_1.0.0.202111181127/tools/bin/../lib/gcc/arm-none-eabi/10.3.1/../../../../arm-none-eabi/lib/thumb/v6-m/nofp/crt0.o (memset)
c:/st/stm32cubeide_1.10.1/stm32cubeide/plugins/com.st.stm32cube.ide.mcu.externaltools.gnu-tools-for-stm32.10.3-2021.10.win32_1.0.0.202111181127/tools/bin/../lib/gcc/arm-none-eabi/10.3.1/thumb/v6-m/nofp\libgcc.a(_udivsi3.o)
                              ./Core/Src/game.o (__aeabi_uidiv)
c:/st/stm32cubeide_1.10.1/stm32cubeide/plugins/com.st.stm32cube.ide.mcu.externaltools.gnu-tools-for-stm32.10.3-2021.10.win32_1.0.0.202111181127/tools/bin/../lib/gcc/arm-none-eabi/10.3.1/thumb/v6-m/nofp\libgcc.a(_divsi3.o)
                              ./Drivers/STM32C0xx_HAL_Driver/Src/stm32c0xx_hal_rcc_ex.o (__aeabi_idiv)
c:/st/stm32cubeide_1.10.1/stm32cubeide/plugins/com.st.stm32cube.ide.mcu.externaltools.gnu-tools-for-stm32.10.3-2021.10.win32_1.0.0.202111181127/tools/bin/../lib/gcc/arm-none-eabi/10.3.1/thumb/v6-m/nofp\libgcc.a(_dvmd_tls.o)
                              c:/st/stm32cubeide_1.10.1/stm32cubeide/plugins/com.st.stm32cube.ide.mcu.externaltools.gnu-tools-for-stm32.10.3-2021.10.win32_1.0.0.202111181127/tools/bin/../lib/gcc/arm-none-eabi/10.3.1/thumb/v6-m/nofp\libgcc.a(_udivsi3.o) (__aeabi_idiv0)

Discarded input sections

 .text          0x0000000000000000        0x0 c:/st/stm32cubeide_1.10.1/stm32cubeide/plugins/com.st.stm32cube.ide.mcu.externaltools.gnu-tools-for-stm32.10.3-2021.10.win32_1.0.0.202111181127/tools/bin/../lib/gcc/arm-none-eabi/10.3.1/thumb/v6-m/nofp/crti.o
 .data          0x0000000000000000        0x0 c:/st/stm32cubeide_1.10.1/stm32cubeide/plugins/com.st.stm32cube.ide.mcu.externaltools.gnu-tools-for-stm32.10.3-2021.10.win32_1.0.0.202111181127/tools/bin/../lib/gcc/arm-none-eabi/10.3.1/thumb/v6-m/nofp/crti.o
 .bss           0x0000000000000000        0x0 c:/st/stm32cubeide_1.10.1/stm32cubeide/plugins/com.st.stm32cube.ide.mcu.externaltools.gnu-tools-for-stm32.10.3-2021.10.win32_1.0.0.202111181127/tools/bin/../lib/gcc/arm-none-eabi/10.3.1/thumb/v6-m/nofp/crti.o
 .data          0x0000000000000000        0x4 c:/st/stm32cubeide_1.10.1/stm32cubeide/plugins/com.st.stm32cube.ide.mcu.externaltools.gnu-tools-for-stm32.10.3-2021.10.win32_1.0.0.202111181127/tools/bin/../lib/gcc/arm-none-eabi/10.3.1/thumb/v6-m/nofp/crtbegin.o
 .rodata        0x0000000000000000       0x24 c:/st/stm32cubeide_1.10.1/stm32cubeide/plugins/com.st.stm32cube.ide.mcu.externaltools.gnu-tools-for-stm32.10.3-2021.10.win32_1.0.0.202111181127/tools/bin/../lib/gcc/arm-none-eabi/10.3.1/thumb/v6-m/nofp/crtbegin.o
[...]
Memory Configuration

Name             Origin             Length             Attributes
RAM              0x0000000020000000 0x0000000000001800 xrw
FLASH            0x0000000008000000 0x0000000000008000 xr
*default*        0x0000000000000000 0xffffffffffffffff

Linker script and memory map

LOAD c:/st/stm32cubeide_1.10.1/stm32cubeide/plugins/com.st.stm32cube.ide.mcu.externaltools.gnu-tools-for-stm32.10.3-2021.10.win32_1.0.0.202111181127/tools/bin/../lib/gcc/arm-none-eabi/10.3.1/thumb/v6-m/nofp/crti.o
LOAD c:/st/stm32cubeide_1.10.1/stm32cubeide/plugins/com.st.stm32cube.ide.mcu.externaltools.gnu-tools-for-stm32.10.3-2021.10.win32_1.0.0.202111181127/tools/bin/../lib/gcc/arm-none-eabi/10.3.1/thumb/v6-m/nofp/crtbegin.o
LOAD c:/st/stm32cubeide_1.10.1/stm32cubeide/plugins/com.st.stm32cube.ide.mcu.externaltools.gnu-tools-for-stm32.10.3-2021.10.win32_1.0.0.202111181127/tools/bin/../lib/gcc/arm-none-eabi/10.3.1/../../../../arm-none-eabi/lib/thumb/v6-m/nofp/crt0.o
LOAD ./Core/Src/game.o
LOAD ./Core/Src/main.o
LOAD ./Core/Src/stm32c0xx_hal_msp.o
LOAD ./Core/Src/stm32c0xx_it.o
LOAD ./Core/Src/syscalls.o
LOAD ./Core/Src/sysmem.o
LOAD ./Core/Src/system_stm32c0xx.o
LOAD ./Core/Startup/startup_stm32c011j6mx.o
LOAD ./Drivers/STM32C0xx_HAL_Driver/Src/stm32c0xx_hal.o
LOAD ./Drivers/STM32C0xx_HAL_Driver/Src/stm32c0xx_hal_cortex.o
LOAD ./Drivers/STM32C0xx_HAL_Driver/Src/stm32c0xx_hal_dma.o
LOAD ./Drivers/STM32C0xx_HAL_Driver/Src/stm32c0xx_hal_dma_ex.o
LOAD ./Drivers/STM32C0xx_HAL_Driver/Src/stm32c0xx_hal_exti.o
LOAD ./Drivers/STM32C0xx_HAL_Driver/Src/stm32c0xx_hal_flash.o
LOAD ./Drivers/STM32C0xx_HAL_Driver/Src/stm32c0xx_hal_flash_ex.o
LOAD ./Drivers/STM32C0xx_HAL_Driver/Src/stm32c0xx_hal_gpio.o
LOAD ./Drivers/STM32C0xx_HAL_Driver/Src/stm32c0xx_hal_pwr.o
LOAD ./Drivers/STM32C0xx_HAL_Driver/Src/stm32c0xx_hal_pwr_ex.o
LOAD ./Drivers/STM32C0xx_HAL_Driver/Src/stm32c0xx_hal_rcc.o
LOAD ./Drivers/STM32C0xx_HAL_Driver/Src/stm32c0xx_hal_rcc_ex.o
LOAD ./Drivers/STM32C0xx_HAL_Driver/Src/stm32c0xx_hal_tim.o
LOAD ./Drivers/STM32C0xx_HAL_Driver/Src/stm32c0xx_hal_tim_ex.o
START GROUP
LOAD c:/st/stm32cubeide_1.10.1/stm32cubeide/plugins/com.st.stm32cube.ide.mcu.externaltools.gnu-tools-for-stm32.10.3-2021.10.win32_1.0.0.202111181127/tools/bin/../lib/gcc/arm-none-eabi/10.3.1/../../../../arm-none-eabi/lib/thumb/v6-m/nofp\libc_nano.a
LOAD c:/st/stm32cubeide_1.10.1/stm32cubeide/plugins/com.st.stm32cube.ide.mcu.externaltools.gnu-tools-for-stm32.10.3-2021.10.win32_1.0.0.202111181127/tools/bin/../lib/gcc/arm-none-eabi/10.3.1/../../../../arm-none-eabi/lib/thumb/v6-m/nofp\libm.a
END GROUP
START GROUP
LOAD c:/st/stm32cubeide_1.10.1/stm32cubeide/plugins/com.st.stm32cube.ide.mcu.externaltools.gnu-tools-for-stm32.10.3-2021.10.win32_1.0.0.202111181127/tools/bin/../lib/gcc/arm-none-eabi/10.3.1/thumb/v6-m/nofp\libgcc.a
LOAD c:/st/stm32cubeide_1.10.1/stm32cubeide/plugins/com.st.stm32cube.ide.mcu.externaltools.gnu-tools-for-stm32.10.3-2021.10.win32_1.0.0.202111181127/tools/bin/../lib/gcc/arm-none-eabi/10.3.1/../../../../arm-none-eabi/lib/thumb/v6-m/nofp\libc_nano.a
END GROUP
START GROUP
LOAD c:/st/stm32cubeide_1.10.1/stm32cubeide/plugins/com.st.stm32cube.ide.mcu.externaltools.gnu-tools-for-stm32.10.3-2021.10.win32_1.0.0.202111181127/tools/bin/../lib/gcc/arm-none-eabi/10.3.1/thumb/v6-m/nofp\libgcc.a
LOAD c:/st/stm32cubeide_1.10.1/stm32cubeide/plugins/com.st.stm32cube.ide.mcu.externaltools.gnu-tools-for-stm32.10.3-2021.10.win32_1.0.0.202111181127/tools/bin/../lib/gcc/arm-none-eabi/10.3.1/../../../../arm-none-eabi/lib/thumb/v6-m/nofp\libc_nano.a
LOAD c:/st/stm32cubeide_1.10.1/stm32cubeide/plugins/com.st.stm32cube.ide.mcu.externaltools.gnu-tools-for-stm32.10.3-2021.10.win32_1.0.0.202111181127/tools/bin/../lib/gcc/arm-none-eabi/10.3.1/../../../../arm-none-eabi/lib/thumb/v6-m/nofp\libnosys.a
END GROUP
START GROUP
LOAD c:/st/stm32cubeide_1.10.1/stm32cubeide/plugins/com.st.stm32cube.ide.mcu.externaltools.gnu-tools-for-stm32.10.3-2021.10.win32_1.0.0.202111181127/tools/bin/../lib/gcc/arm-none-eabi/10.3.1/thumb/v6-m/nofp\libgcc.a
LOAD c:/st/stm32cubeide_1.10.1/stm32cubeide/plugins/com.st.stm32cube.ide.mcu.externaltools.gnu-tools-for-stm32.10.3-2021.10.win32_1.0.0.202111181127/tools/bin/../lib/gcc/arm-none-eabi/10.3.1/../../../../arm-none-eabi/lib/thumb/v6-m/nofp\libc_nano.a
LOAD c:/st/stm32cubeide_1.10.1/stm32cubeide/plugins/com.st.stm32cube.ide.mcu.externaltools.gnu-tools-for-stm32.10.3-2021.10.win32_1.0.0.202111181127/tools/bin/../lib/gcc/arm-none-eabi/10.3.1/../../../../arm-none-eabi/lib/thumb/v6-m/nofp\libnosys.a
END GROUP
LOAD c:/st/stm32cubeide_1.10.1/stm32cubeide/plugins/com.st.stm32cube.ide.mcu.externaltools.gnu-tools-for-stm32.10.3-2021.10.win32_1.0.0.202111181127/tools/bin/../lib/gcc/arm-none-eabi/10.3.1/thumb/v6-m/nofp/crtend.o
LOAD c:/st/stm32cubeide_1.10.1/stm32cubeide/plugins/com.st.stm32cube.ide.mcu.externaltools.gnu-tools-for-stm32.10.3-2021.10.win32_1.0.0.202111181127/tools/bin/../lib/gcc/arm-none-eabi/10.3.1/thumb/v6-m/nofp/crtn.o
                0x0000000020001800                _estack = (ORIGIN (RAM) + LENGTH (RAM))
                0x0000000000000200                _Min_Heap_Size = 0x200
                0x0000000000000400                _Min_Stack_Size = 0x400

.isr_vector     0x0000000008000000       0xc0
                0x0000000008000000                . = ALIGN (0x4)
 *(.isr_vector)
 .isr_vector    0x0000000008000000       0xc0 ./Core/Startup/startup_stm32c011j6mx.o
                0x0000000008000000                g_pfnVectors
                0x00000000080000c0                . = ALIGN (0x4)

.text           0x00000000080000c0     0x17a4
                0x00000000080000c0                . = ALIGN (0x4)
 *(.text)
 .text          0x00000000080000c0       0x48 c:/st/stm32cubeide_1.10.1/stm32cubeide/plugins/com.st.stm32cube.ide.mcu.externaltools.gnu-tools-for-stm32.10.3-2021.10.win32_1.0.0.202111181127/tools/bin/../lib/gcc/arm-none-eabi/10.3.1/thumb/v6-m/nofp/crtbegin.o
 .text          0x0000000008000108      0x114 c:/st/stm32cubeide_1.10.1/stm32cubeide/plugins/com.st.stm32cube.ide.mcu.externaltools.gnu-tools-for-stm32.10.3-2021.10.win32_1.0.0.202111181127/tools/bin/../lib/gcc/arm-none-eabi/10.3.1/thumb/v6-m/nofp\libgcc.a(_udivsi3.o)
                0x0000000008000108                __aeabi_uidiv
                0x0000000008000108                __udivsi3
                0x0000000008000214                __aeabi_uidivmod
 .text          0x000000000800021c        0x4 c:/st/stm32cubeide_1.10.1/stm32cubeide/plugins/com.st.stm32cube.ide.mcu.externaltools.gnu-tools-for-stm32.10.3-2021.10.win32_1.0.0.202111181127/tools/bin/../lib/gcc/arm-none-eabi/10.3.1/thumb/v6-m/nofp\libgcc.a(_dvmd_tls.o)
                0x000000000800021c                __aeabi_idiv0
                0x000000000800021c                __aeabi_ldiv0
 *(.text*)
 .text.gameSetLeds
                0x0000000008000220        0xc ./Core/Src/game.o
                0x0000000008000220                gameSetLeds
 .text.gameUpdateLedBuffer
                0x000000000800022c       0x38 ./Core/Src/game.o
                0x000000000800022c                gameUpdateLedBuffer
 .text.gameShowStartAnimation
                0x0000000008000264       0xcc ./Core/Src/game.o
                0x0000000008000264                gameShowStartAnimation
 .text.gameShowSuccAnimation
                0x0000000008000330       0x50 ./Core/Src/game.o
                0x0000000008000330                gameShowSuccAnimation
 .text.gameShowFailAnimation
                0x0000000008000380       0x74 ./Core/Src/game.o
                0x0000000008000380                gameShowFailAnimation
 .text.gameShowResult
                0x00000000080003f4      0x104 ./Core/Src/game.o
                0x00000000080003f4                gameShowResult
 .text.gameTimerISR
                0x00000000080004f8       0xec ./Core/Src/game.o
                0x00000000080004f8                gameTimerISR
 .text.SystemClock_Config
                0x00000000080005e4       0x60 ./Core/Src/main.o
                0x00000000080005e4                SystemClock_Config
 .text.startup.main
                0x0000000008000644      0x230 ./Core/Src/main.o
                0x0000000008000644                main
 .text.HAL_TIM_PeriodElapsedCallback
                0x0000000008000874        0x8 ./Core/Src/main.o
                0x0000000008000874                HAL_TIM_PeriodElapsedCallback
 .text.HAL_MspInit
                0x000000000800087c       0x30 ./Core/Src/stm32c0xx_hal_msp.o
                0x000000000800087c                HAL_MspInit
 .text.HAL_TIM_Base_MspInit
                0x00000000080008ac       0x40 ./Core/Src/stm32c0xx_hal_msp.o
                0x00000000080008ac                HAL_TIM_Base_MspInit
 .text.NMI_Handler
                0x00000000080008ec        0x4 ./Core/Src/stm32c0xx_it.o
                0x00000000080008ec                NMI_Handler
 .text.HardFault_Handler
                0x00000000080008f0        0x4 ./Core/Src/stm32c0xx_it.o
                0x00000000080008f0                HardFault_Handler
 .text.SVC_Handler
                0x00000000080008f4        0x4 ./Core/Src/stm32c0xx_it.o
                0x00000000080008f4                SVC_Handler
 .text.PendSV_Handler
                0x00000000080008f8        0x4 ./Core/Src/stm32c0xx_it.o
                0x00000000080008f8                PendSV_Handler
 .text.SysTick_Handler
                0x00000000080008fc        0x8 ./Core/Src/stm32c0xx_it.o
                0x00000000080008fc                SysTick_Handler
 .text.TIM14_IRQHandler
                0x0000000008000904       0x10 ./Core/Src/stm32c0xx_it.o
                0x0000000008000904                TIM14_IRQHandler
 .text.SystemInit
                0x0000000008000914       0x10 ./Core/Src/system_stm32c0xx.o
                0x0000000008000914                SystemInit
 .text.Reset_Handler
                0x0000000008000924       0x50 ./Core/Startup/startup_stm32c011j6mx.o
                0x0000000008000924                Reset_Handler
 .text.Default_Handler
                0x0000000008000974        0x2 ./Core/Startup/startup_stm32c011j6mx.o
                0x0000000008000974                TIM1_CC_IRQHandler
                0x0000000008000974                I2C1_IRQHandler
                0x0000000008000974                DMAMUX1_IRQHandler
                0x0000000008000974                SPI1_IRQHandler
                0x0000000008000974                EXTI2_3_IRQHandler
                0x0000000008000974                ADC1_IRQHandler
                0x0000000008000974                TIM17_IRQHandler
                0x0000000008000974                RTC_IRQHandler
                0x0000000008000974                TIM16_IRQHandler
                0x0000000008000974                TIM3_IRQHandler
                0x0000000008000974                EXTI4_15_IRQHandler
                0x0000000008000974                RCC_IRQHandler
                0x0000000008000974                DMA1_Channel1_IRQHandler
                0x0000000008000974                Default_Handler
                0x0000000008000974                EXTI0_1_IRQHandler
                0x0000000008000974                WWDG_IRQHandler
                0x0000000008000974                DMA1_Channel2_3_IRQHandler
                0x0000000008000974                USART2_IRQHandler
                0x0000000008000974                FLASH_IRQHandler
                0x0000000008000974                USART1_IRQHandler
                0x0000000008000974                TIM1_BRK_UP_TRG_COM_IRQHandler
 *fill*         0x0000000008000976        0x2 
 .text.HAL_InitTick
                0x0000000008000978       0x4c ./Drivers/STM32C0xx_HAL_Driver/Src/stm32c0xx_hal.o
                0x0000000008000978                HAL_InitTick
 .text.HAL_Init
                0x00000000080009c4       0x18 ./Drivers/STM32C0xx_HAL_Driver/Src/stm32c0xx_hal.o
                0x00000000080009c4                HAL_Init
 .text.HAL_IncTick
                0x00000000080009dc       0x18 ./Drivers/STM32C0xx_HAL_Driver/Src/stm32c0xx_hal.o
                0x00000000080009dc                HAL_IncTick
 .text.HAL_GetTick
                0x00000000080009f4        0xc ./Drivers/STM32C0xx_HAL_Driver/Src/stm32c0xx_hal.o
                0x00000000080009f4                HAL_GetTick
 .text.HAL_Delay
                0x0000000008000a00       0x24 ./Drivers/STM32C0xx_HAL_Driver/Src/stm32c0xx_hal.o
                0x0000000008000a00                HAL_Delay
 .text.HAL_SYSCFG_SetPinBinding
                0x0000000008000a24        0xc ./Drivers/STM32C0xx_HAL_Driver/Src/stm32c0xx_hal.o
                0x0000000008000a24                HAL_SYSCFG_SetPinBinding
 .text.HAL_NVIC_SetPriority
                0x0000000008000a30       0x64 ./Drivers/STM32C0xx_HAL_Driver/Src/stm32c0xx_hal_cortex.o
                0x0000000008000a30                HAL_NVIC_SetPriority
 .text.HAL_NVIC_EnableIRQ
                0x0000000008000a94       0x18 ./Drivers/STM32C0xx_HAL_Driver/Src/stm32c0xx_hal_cortex.o
                0x0000000008000a94                HAL_NVIC_EnableIRQ
 .text.HAL_SYSTICK_Config
                0x0000000008000aac       0x34 ./Drivers/STM32C0xx_HAL_Driver/Src/stm32c0xx_hal_cortex.o
                0x0000000008000aac                HAL_SYSTICK_Config
 .text.HAL_GPIO_Init
                0x0000000008000ae0      0x1f8 ./Drivers/STM32C0xx_HAL_Driver/Src/stm32c0xx_hal_gpio.o
                0x0000000008000ae0                HAL_GPIO_Init
 .text.HAL_GPIO_ReadPin
                0x0000000008000cd8        0xc ./Drivers/STM32C0xx_HAL_Driver/Src/stm32c0xx_hal_gpio.o
                0x0000000008000cd8                HAL_GPIO_ReadPin
 .text.HAL_GPIO_WritePin
                0x0000000008000ce4        0xc ./Drivers/STM32C0xx_HAL_Driver/Src/stm32c0xx_hal_gpio.o
                0x0000000008000ce4                HAL_GPIO_WritePin
 .text.HAL_RCC_OscConfig
                0x0000000008000cf0      0x2c8 ./Drivers/STM32C0xx_HAL_Driver/Src/stm32c0xx_hal_rcc.o
                0x0000000008000cf0                HAL_RCC_OscConfig
 .text.HAL_RCC_ClockConfig
                0x0000000008000fb8      0x1d8 ./Drivers/STM32C0xx_HAL_Driver/Src/stm32c0xx_hal_rcc.o
                0x0000000008000fb8                HAL_RCC_ClockConfig
 .text.HAL_TIM_Base_Init
                0x0000000008001190       0xe4 ./Drivers/STM32C0xx_HAL_Driver/Src/stm32c0xx_hal_tim.o
                0x0000000008001190                HAL_TIM_Base_Init
 .text.HAL_TIM_Base_Start_IT
                0x0000000008001274       0x5c ./Drivers/STM32C0xx_HAL_Driver/Src/stm32c0xx_hal_tim.o
                0x0000000008001274                HAL_TIM_Base_Start_IT
 .text.HAL_TIM_OC_MspInit
                0x00000000080012d0        0x4 ./Drivers/STM32C0xx_HAL_Driver/Src/stm32c0xx_hal_tim.o
                0x00000000080012d0                HAL_TIM_OC_MspInit
 .text.HAL_TIM_OC_Init
                0x00000000080012d4       0xe4 ./Drivers/STM32C0xx_HAL_Driver/Src/stm32c0xx_hal_tim.o
                0x00000000080012d4                HAL_TIM_OC_Init
 .text.HAL_TIM_OC_ConfigChannel
                0x00000000080013b8      0x2a8 ./Drivers/STM32C0xx_HAL_Driver/Src/stm32c0xx_hal_tim.o
                0x00000000080013b8                HAL_TIM_OC_ConfigChannel
 .text.HAL_TIM_OC_DelayElapsedCallback
                0x0000000008001660        0x4 ./Drivers/STM32C0xx_HAL_Driver/Src/stm32c0xx_hal_tim.o
                0x0000000008001660                HAL_TIM_OC_DelayElapsedCallback
 .text.HAL_TIM_IC_CaptureCallback
                0x0000000008001664        0x4 ./Drivers/STM32C0xx_HAL_Driver/Src/stm32c0xx_hal_tim.o
                0x0000000008001664                HAL_TIM_IC_CaptureCallback
 .text.HAL_TIM_PWM_PulseFinishedCallback
                0x0000000008001668        0x4 ./Drivers/STM32C0xx_HAL_Driver/Src/stm32c0xx_hal_tim.o
                0x0000000008001668                HAL_TIM_PWM_PulseFinishedCallback
 .text.HAL_TIM_TriggerCallback
                0x000000000800166c        0x4 ./Drivers/STM32C0xx_HAL_Driver/Src/stm32c0xx_hal_tim.o
                0x000000000800166c                HAL_TIM_TriggerCallback
 .text.HAL_TIM_IRQHandler
                0x0000000008001670      0x178 ./Drivers/STM32C0xx_HAL_Driver/Src/stm32c0xx_hal_tim.o
                0x0000000008001670                HAL_TIM_IRQHandler
 .text.HAL_TIMEx_CommutCallback
                0x00000000080017e8        0x4 ./Drivers/STM32C0xx_HAL_Driver/Src/stm32c0xx_hal_tim_ex.o
                0x00000000080017e8                HAL_TIMEx_CommutCallback
 .text.HAL_TIMEx_BreakCallback
                0x00000000080017ec        0x4 ./Drivers/STM32C0xx_HAL_Driver/Src/stm32c0xx_hal_tim_ex.o
                0x00000000080017ec                HAL_TIMEx_BreakCallback
 .text.HAL_TIMEx_Break2Callback
                0x00000000080017f0        0x4 ./Drivers/STM32C0xx_HAL_Driver/Src/stm32c0xx_hal_tim_ex.o
                0x00000000080017f0                HAL_TIMEx_Break2Callback
 .text.__libc_init_array
                0x00000000080017f4       0x48 c:/st/stm32cubeide_1.10.1/stm32cubeide/plugins/com.st.stm32cube.ide.mcu.externaltools.gnu-tools-for-stm32.10.3-2021.10.win32_1.0.0.202111181127/tools/bin/../lib/gcc/arm-none-eabi/10.3.1/../../../../arm-none-eabi/lib/thumb/v6-m/nofp\libc_nano.a(lib_a-init.o)
                0x00000000080017f4                __libc_init_array
 .text.memset   0x000000000800183c       0x10 c:/st/stm32cubeide_1.10.1/stm32cubeide/plugins/com.st.stm32cube.ide.mcu.externaltools.gnu-tools-for-stm32.10.3-2021.10.win32_1.0.0.202111181127/tools/bin/../lib/gcc/arm-none-eabi/10.3.1/../../../../arm-none-eabi/lib/thumb/v6-m/nofp\libc_nano.a(lib_a-memset.o)
                0x000000000800183c                memset
 *(.glue_7)
 .glue_7        0x000000000800184c        0x0 linker stubs
 *(.glue_7t)
 .glue_7t       0x000000000800184c        0x0 linker stubs
 *(.eh_frame)
 .eh_frame      0x000000000800184c        0x0 c:/st/stm32cubeide_1.10.1/stm32cubeide/plugins/com.st.stm32cube.ide.mcu.externaltools.gnu-tools-for-stm32.10.3-2021.10.win32_1.0.0.202111181127/tools/bin/../lib/gcc/arm-none-eabi/10.3.1/thumb/v6-m/nofp/crtbegin.o
 *(.init)
 .init          0x000000000800184c        0x4 c:/st/stm32cubeide_1.10.1/stm32cubeide/plugins/com.st.stm32cube.ide.mcu.externaltools.gnu-tools-for-stm32.10.3-2021.10.win32_1.0.0.202111181127/tools/bin/../lib/gcc/arm-none-eabi/10.3.1/thumb/v6-m/nofp/crti.o
                0x000000000800184c                _init
 .init          0x0000000008001850        0x8 c:/st/stm32cubeide_1.10.1/stm32cubeide/plugins/com.st.stm32cube.ide.mcu.externaltools.gnu-tools-for-stm32.10.3-2021.10.win32_1.0.0.202111181127/tools/bin/../lib/gcc/arm-none-eabi/10.3.1/thumb/v6-m/nofp/crtn.o
 *(.fini)
 .fini          0x0000000008001858        0x4 c:/st/stm32cubeide_1.10.1/stm32cubeide/plugins/com.st.stm32cube.ide.mcu.externaltools.gnu-tools-for-stm32.10.3-2021.10.win32_1.0.0.202111181127/tools/bin/../lib/gcc/arm-none-eabi/10.3.1/thumb/v6-m/nofp/crti.o
                0x0000000008001858                _fini
 .fini          0x000000000800185c        0x8 c:/st/stm32cubeide_1.10.1/stm32cubeide/plugins/com.st.stm32cube.ide.mcu.externaltools.gnu-tools-for-stm32.10.3-2021.10.win32_1.0.0.202111181127/tools/bin/../lib/gcc/arm-none-eabi/10.3.1/thumb/v6-m/nofp/crtn.o
                0x0000000008001864                . = ALIGN (0x4)
                0x0000000008001864                _etext = .

.vfp11_veneer   0x0000000008001864        0x0
 .vfp11_veneer  0x0000000008001864        0x0 linker stubs

.v4_bx          0x0000000008001864        0x0
 .v4_bx         0x0000000008001864        0x0 linker stubs

.iplt           0x0000000008001864        0x0
 .iplt          0x0000000008001864        0x0 c:/st/stm32cubeide_1.10.1/stm32cubeide/plugins/com.st.stm32cube.ide.mcu.externaltools.gnu-tools-for-stm32.10.3-2021.10.win32_1.0.0.202111181127/tools/bin/../lib/gcc/arm-none-eabi/10.3.1/thumb/v6-m/nofp/crtbegin.o

.rodata         0x0000000008001864       0x94
                0x0000000008001864                . = ALIGN (0x4)
 *(.rodata)
 *(.rodata*)
 .rodata.AHBPrescTable
                0x0000000008001864       0x40 ./Core/Src/system_stm32c0xx.o
                0x0000000008001864                AHBPrescTable
 .rodata.HAL_TIM_OC_ConfigChannel
                0x00000000080018a4       0x54 ./Drivers/STM32C0xx_HAL_Driver/Src/stm32c0xx_hal_tim.o
                0x00000000080018f8                . = ALIGN (0x4)

.rel.dyn        0x00000000080018f8        0x0
 .rel.iplt      0x00000000080018f8        0x0 c:/st/stm32cubeide_1.10.1/stm32cubeide/plugins/com.st.stm32cube.ide.mcu.externaltools.gnu-tools-for-stm32.10.3-2021.10.win32_1.0.0.202111181127/tools/bin/../lib/gcc/arm-none-eabi/10.3.1/thumb/v6-m/nofp/crtbegin.o

.ARM.extab      0x00000000080018f8        0x0
                0x00000000080018f8                . = ALIGN (0x4)
 *(.ARM.extab* .gnu.linkonce.armextab.*)
                0x00000000080018f8                . = ALIGN (0x4)

.ARM            0x00000000080018f8        0x0
                0x00000000080018f8                . = ALIGN (0x4)
                0x00000000080018f8                __exidx_start = .
 *(.ARM.exidx*)
                0x00000000080018f8                __exidx_end = .
                0x00000000080018f8                . = ALIGN (0x4)

.preinit_array  0x00000000080018f8        0x0
                0x00000000080018f8                . = ALIGN (0x4)
                0x00000000080018f8                PROVIDE (__preinit_array_start = .)
 *(.preinit_array*)
                0x00000000080018f8                PROVIDE (__preinit_array_end = .)
                0x00000000080018f8                . = ALIGN (0x4)

.init_array     0x00000000080018f8        0x4
                0x00000000080018f8                . = ALIGN (0x4)
                0x00000000080018f8                PROVIDE (__init_array_start = .)
 *(SORT_BY_NAME(.init_array.*))
 *(.init_array*)
 .init_array    0x00000000080018f8        0x4 c:/st/stm32cubeide_1.10.1/stm32cubeide/plugins/com.st.stm32cube.ide.mcu.externaltools.gnu-tools-for-stm32.10.3-2021.10.win32_1.0.0.202111181127/tools/bin/../lib/gcc/arm-none-eabi/10.3.1/thumb/v6-m/nofp/crtbegin.o
                0x00000000080018fc                PROVIDE (__init_array_end = .)
                0x00000000080018fc                . = ALIGN (0x4)

.fini_array     0x00000000080018fc        0x4
                0x00000000080018fc                . = ALIGN (0x4)
                [!provide]                        PROVIDE (__fini_array_start = .)
 *(SORT_BY_NAME(.fini_array.*))
 *(.fini_array*)
 .fini_array    0x00000000080018fc        0x4 c:/st/stm32cubeide_1.10.1/stm32cubeide/plugins/com.st.stm32cube.ide.mcu.externaltools.gnu-tools-for-stm32.10.3-2021.10.win32_1.0.0.202111181127/tools/bin/../lib/gcc/arm-none-eabi/10.3.1/thumb/v6-m/nofp/crtbegin.o
                [!provide]                        PROVIDE (__fini_array_end = .)
                0x0000000008001900                . = ALIGN (0x4)
                0x0000000008001900                _sidata = LOADADDR (.data)

.data           0x0000000020000000       0x34 load address 0x0000000008001900
                0x0000000020000000                . = ALIGN (0x4)
                0x0000000020000000                _sdata = .
 *(.data)
 *(.data*)
 .data.myLedPairs
                0x0000000020000000        0xc ./Core/Src/game.o
                0x0000000020000000                myLedPairs
 .data.myLedPins
                0x000000002000000c       0x18 ./Core/Src/game.o
                0x000000002000000c                myLedPins
 .data.delayTime
                0x0000000020000024        0x2 ./Core/Src/main.o
                0x0000000020000024                delayTime
 *fill*         0x0000000020000026        0x2 
 .data.SystemCoreClock
                0x0000000020000028        0x4 ./Core/Src/system_stm32c0xx.o
                0x0000000020000028                SystemCoreClock
 .data.uwTickFreq
                0x000000002000002c        0x4 ./Drivers/STM32C0xx_HAL_Driver/Src/stm32c0xx_hal.o
                0x000000002000002c                uwTickFreq
 .data.uwTickPrio
                0x0000000020000030        0x4 ./Drivers/STM32C0xx_HAL_Driver/Src/stm32c0xx_hal.o
                0x0000000020000030                uwTickPrio
 *(.RamFunc)
 *(.RamFunc*)
                0x0000000020000034                . = ALIGN (0x4)
                0x0000000020000034                _edata = .

.igot.plt       0x0000000020000034        0x0 load address 0x0000000008001934
 .igot.plt      0x0000000020000034        0x0 c:/st/stm32cubeide_1.10.1/stm32cubeide/plugins/com.st.stm32cube.ide.mcu.externaltools.gnu-tools-for-stm32.10.3-2021.10.win32_1.0.0.202111181127/tools/bin/../lib/gcc/arm-none-eabi/10.3.1/thumb/v6-m/nofp/crtbegin.o
                0x0000000020000034                . = ALIGN (0x4)

.bss            0x0000000020000034       0x78 load address 0x0000000008001934
                0x0000000020000034                _sbss = .
                0x0000000020000034                __bss_start__ = _sbss
 *(.bss)
 .bss           0x0000000020000034       0x1c c:/st/stm32cubeide_1.10.1/stm32cubeide/plugins/com.st.stm32cube.ide.mcu.externaltools.gnu-tools-for-stm32.10.3-2021.10.win32_1.0.0.202111181127/tools/bin/../lib/gcc/arm-none-eabi/10.3.1/thumb/v6-m/nofp/crtbegin.o
 *(.bss*)
 .bss.charlieplexCounter
                0x0000000020000050        0x1 ./Core/Src/game.o
                0x0000000020000050                charlieplexCounter
 .bss.ledBuffer
                0x0000000020000051        0x1 ./Core/Src/game.o
                0x0000000020000051                ledBuffer
 .bss.ledBufferCharile
                0x0000000020000052        0x1 ./Core/Src/game.o
                0x0000000020000052                ledBufferCharile
 .bss.down      0x0000000020000053        0x1 ./Core/Src/main.o
                0x0000000020000053                down
 .bss.htim14    0x0000000020000054       0x4c ./Core/Src/main.o
                0x0000000020000054                htim14
 .bss.i         0x00000000200000a0        0x4 ./Core/Src/main.o
                0x00000000200000a0                i
 .bss.score     0x00000000200000a4        0x1 ./Core/Src/main.o
                0x00000000200000a4                score
 *fill*         0x00000000200000a5        0x3 
 .bss.uwTick    0x00000000200000a8        0x4 ./Drivers/STM32C0xx_HAL_Driver/Src/stm32c0xx_hal.o
                0x00000000200000a8                uwTick
 *(COMMON)
                0x00000000200000ac                . = ALIGN (0x4)
                0x00000000200000ac                _ebss = .
                0x00000000200000ac                __bss_end__ = _ebss

._user_heap_stack
                0x00000000200000ac      0x604 load address 0x0000000008001934
                0x00000000200000b0                . = ALIGN (0x8)
 *fill*         0x00000000200000ac        0x4 
                [!provide]                        PROVIDE (end = .)
                0x00000000200000b0                PROVIDE (_end = .)
                0x00000000200002b0                . = (. + _Min_Heap_Size)
 *fill*         0x00000000200000b0      0x200 
                0x00000000200006b0                . = (. + _Min_Stack_Size)
 *fill*         0x00000000200002b0      0x400 
                0x00000000200006b0                . = ALIGN (0x8)

/DISCARD/
 libc.a(*)
 libm.a(*)
 libgcc.a(*)

.ARM.attributes
                0x0000000000000000       0x28
 *(.ARM.attributes)
 .ARM.attributes
                0x0000000000000000       0x1e c:/st/stm32cubeide_1.10.1/stm32cubeide/plugins/com.st.stm32cube.ide.mcu.externaltools.gnu-tools-for-stm32.10.3-2021.10.win32_1.0.0.202111181127/tools/bin/../lib/gcc/arm-none-eabi/10.3.1/thumb/v6-m/nofp/crti.o
 .ARM.attributes
                0x000000000000001e       0x2c c:/st/stm32cubeide_1.10.1/stm32cubeide/plugins/com.st.stm32cube.ide.mcu.externaltools.gnu-tools-for-stm32.10.3-2021.10.win32_1.0.0.202111181127/tools/bin/../lib/gcc/arm-none-eabi/10.3.1/thumb/v6-m/nofp/crtbegin.o
 .ARM.attributes
                0x000000000000004a       0x28 ./Core/Src/game.o
 .ARM.attributes
                0x0000000000000072       0x28 ./Core/Src/main.o
 .ARM.attributes
                0x000000000000009a       0x28 ./Core/Src/stm32c0xx_hal_msp.o
 .ARM.attributes
                0x00000000000000c2       0x28 ./Core/Src/stm32c0xx_it.o
 .ARM.attributes
                0x00000000000000ea       0x28 ./Core/Src/system_stm32c0xx.o
 .ARM.attributes
                0x0000000000000112       0x22 ./Core/Startup/startup_stm32c011j6mx.o
 .ARM.attributes
                0x0000000000000134       0x28 ./Drivers/STM32C0xx_HAL_Driver/Src/stm32c0xx_hal.o
 .ARM.attributes
                0x000000000000015c       0x28 ./Drivers/STM32C0xx_HAL_Driver/Src/stm32c0xx_hal_cortex.o
 .ARM.attributes
                0x0000000000000184       0x28 ./Drivers/STM32C0xx_HAL_Driver/Src/stm32c0xx_hal_gpio.o
 .ARM.attributes
                0x00000000000001ac       0x28 ./Drivers/STM32C0xx_HAL_Driver/Src/stm32c0xx_hal_rcc.o
 .ARM.attributes
                0x00000000000001d4       0x28 ./Drivers/STM32C0xx_HAL_Driver/Src/stm32c0xx_hal_tim.o
 .ARM.attributes
                0x00000000000001fc       0x28 ./Drivers/STM32C0xx_HAL_Driver/Src/stm32c0xx_hal_tim_ex.o
 .ARM.attributes
                0x0000000000000224       0x2c c:/st/stm32cubeide_1.10.1/stm32cubeide/plugins/com.st.stm32cube.ide.mcu.externaltools.gnu-tools-for-stm32.10.3-2021.10.win32_1.0.0.202111181127/tools/bin/../lib/gcc/arm-none-eabi/10.3.1/../../../../arm-none-eabi/lib/thumb/v6-m/nofp\libc_nano.a(lib_a-init.o)
 .ARM.attributes
                0x0000000000000250       0x2c c:/st/stm32cubeide_1.10.1/stm32cubeide/plugins/com.st.stm32cube.ide.mcu.externaltools.gnu-tools-for-stm32.10.3-2021.10.win32_1.0.0.202111181127/tools/bin/../lib/gcc/arm-none-eabi/10.3.1/../../../../arm-none-eabi/lib/thumb/v6-m/nofp\libc_nano.a(lib_a-memset.o)
 .ARM.attributes
                0x000000000000027c       0x1e c:/st/stm32cubeide_1.10.1/stm32cubeide/plugins/com.st.stm32cube.ide.mcu.externaltools.gnu-tools-for-stm32.10.3-2021.10.win32_1.0.0.202111181127/tools/bin/../lib/gcc/arm-none-eabi/10.3.1/thumb/v6-m/nofp\libgcc.a(_udivsi3.o)
 .ARM.attributes
                0x000000000000029a       0x1e c:/st/stm32cubeide_1.10.1/stm32cubeide/plugins/com.st.stm32cube.ide.mcu.externaltools.gnu-tools-for-stm32.10.3-2021.10.win32_1.0.0.202111181127/tools/bin/../lib/gcc/arm-none-eabi/10.3.1/thumb/v6-m/nofp\libgcc.a(_dvmd_tls.o)
 .ARM.attributes
                0x00000000000002b8       0x1e c:/st/stm32cubeide_1.10.1/stm32cubeide/plugins/com.st.stm32cube.ide.mcu.externaltools.gnu-tools-for-stm32.10.3-2021.10.win32_1.0.0.202111181127/tools/bin/../lib/gcc/arm-none-eabi/10.3.1/thumb/v6-m/nofp/crtn.o
OUTPUT(StopMeGame.elf elf32-littlearm)
LOAD linker stubs
LOAD c:/st/stm32cubeide_1.10.1/stm32cubeide/plugins/com.st.stm32cube.ide.mcu.externaltools.gnu-tools-for-stm32.10.3-2021.10.win32_1.0.0.202111181127/tools/bin/../lib/gcc/arm-none-eabi/10.3.1/../../../../arm-none-eabi/lib/thumb/v6-m/nofp\libc.a
LOAD c:/st/stm32cubeide_1.10.1/stm32cubeide/plugins/com.st.stm32cube.ide.mcu.externaltools.gnu-tools-for-stm32.10.3-2021.10.win32_1.0.0.202111181127/tools/bin/../lib/gcc/arm-none-eabi/10.3.1/../../../../arm-none-eabi/lib/thumb/v6-m/nofp\libm.a
LOAD c:/st/stm32cubeide_1.10.1/stm32cubeide/plugins/com.st.stm32cube.ide.mcu.externaltools.gnu-tools-for-stm32.10.3-2021.10.win32_1.0.0.202111181127/tools/bin/../lib/gcc/arm-none-eabi/10.3.1/thumb/v6-m/nofp\libgcc.a

.debug_info     0x0000000000000000     0xc66f
 .debug_info    0x0000000000000000      0x5c9 ./Core/Src/game.o
 .debug_info    0x00000000000005c9     0x12bb ./Core/Src/main.o
 .debug_info    0x0000000000001884      0xaa0 ./Core/Src/stm32c0xx_hal_msp.o
 .debug_info    0x0000000000002324      0x801 ./Core/Src/stm32c0xx_it.o
 .debug_info    0x0000000000002b25      0x37b ./Core/Src/system_stm32c0xx.o
 .debug_info    0x0000000000002ea0       0x22 ./Core/Startup/startup_stm32c011j6mx.o
 .debug_info    0x0000000000002ec2      0x947 ./Drivers/STM32C0xx_HAL_Driver/Src/stm32c0xx_hal.o
 .debug_info    0x0000000000003809      0xa63 ./Drivers/STM32C0xx_HAL_Driver/Src/stm32c0xx_hal_cortex.o
 .debug_info    0x000000000000426c      0x5f2 ./Drivers/STM32C0xx_HAL_Driver/Src/stm32c0xx_hal_gpio.o
 .debug_info    0x000000000000485e      0xb9a ./Drivers/STM32C0xx_HAL_Driver/Src/stm32c0xx_hal_rcc.o
 .debug_info    0x00000000000053f8     0x51f1 ./Drivers/STM32C0xx_HAL_Driver/Src/stm32c0xx_hal_tim.o
 .debug_info    0x000000000000a5e9     0x2086 ./Drivers/STM32C0xx_HAL_Driver/Src/stm32c0xx_hal_tim_ex.o

.debug_abbrev   0x0000000000000000     0x1e16
 .debug_abbrev  0x0000000000000000      0x222 ./Core/Src/game.o
 .debug_abbrev  0x0000000000000222      0x391 ./Core/Src/main.o
 .debug_abbrev  0x00000000000005b3      0x1d3 ./Core/Src/stm32c0xx_hal_msp.o
 .debug_abbrev  0x0000000000000786      0x1d6 ./Core/Src/stm32c0xx_it.o
 .debug_abbrev  0x000000000000095c      0x11c ./Core/Src/system_stm32c0xx.o
 .debug_abbrev  0x0000000000000a78       0x12 ./Core/Startup/startup_stm32c011j6mx.o
 .debug_abbrev  0x0000000000000a8a      0x388 ./Drivers/STM32C0xx_HAL_Driver/Src/stm32c0xx_hal.o
 .debug_abbrev  0x0000000000000e12      0x2bf ./Drivers/STM32C0xx_HAL_Driver/Src/stm32c0xx_hal_cortex.o
 .debug_abbrev  0x00000000000010d1      0x267 ./Drivers/STM32C0xx_HAL_Driver/Src/stm32c0xx_hal_gpio.o
 .debug_abbrev  0x0000000000001338      0x387 ./Drivers/STM32C0xx_HAL_Driver/Src/stm32c0xx_hal_rcc.o
 .debug_abbrev  0x00000000000016bf      0x3a4 ./Drivers/STM32C0xx_HAL_Driver/Src/stm32c0xx_hal_tim.o
 .debug_abbrev  0x0000000000001a63      0x3b3 ./Drivers/STM32C0xx_HAL_Driver/Src/stm32c0xx_hal_tim_ex.o

.debug_loc      0x0000000000000000     0xb92f
 .debug_loc     0x0000000000000000      0x1e6 ./Core/Src/game.o
 .debug_loc     0x00000000000001e6       0x47 ./Core/Src/main.o
 .debug_loc     0x000000000000022d       0x84 ./Core/Src/stm32c0xx_hal_msp.o
 .debug_loc     0x00000000000002b1       0x3f ./Core/Src/system_stm32c0xx.o
 .debug_loc     0x00000000000002f0      0x1d4 ./Drivers/STM32C0xx_HAL_Driver/Src/stm32c0xx_hal.o
 .debug_loc     0x00000000000004c4      0x4c7 ./Drivers/STM32C0xx_HAL_Driver/Src/stm32c0xx_hal_cortex.o
 .debug_loc     0x000000000000098b      0x519 ./Drivers/STM32C0xx_HAL_Driver/Src/stm32c0xx_hal_gpio.o
 .debug_loc     0x0000000000000ea4      0x6b5 ./Drivers/STM32C0xx_HAL_Driver/Src/stm32c0xx_hal_rcc.o
 .debug_loc     0x0000000000001559     0x8298 ./Drivers/STM32C0xx_HAL_Driver/Src/stm32c0xx_hal_tim.o
 .debug_loc     0x00000000000097f1     0x213e ./Drivers/STM32C0xx_HAL_Driver/Src/stm32c0xx_hal_tim_ex.o

.debug_aranges  0x0000000000000000      0x760
 .debug_aranges
                0x0000000000000000       0x50 ./Core/Src/game.o
 .debug_aranges
                0x0000000000000050       0x38 ./Core/Src/main.o
 .debug_aranges
                0x0000000000000088       0x30 ./Core/Src/stm32c0xx_hal_msp.o
 .debug_aranges
                0x00000000000000b8       0x40 ./Core/Src/stm32c0xx_it.o
 .debug_aranges
                0x00000000000000f8       0x28 ./Core/Src/system_stm32c0xx.o
 .debug_aranges
                0x0000000000000120       0x28 ./Core/Startup/startup_stm32c011j6mx.o
 .debug_aranges
                0x0000000000000148       0xf8 ./Drivers/STM32C0xx_HAL_Driver/Src/stm32c0xx_hal.o
 .debug_aranges
                0x0000000000000240       0x90 ./Drivers/STM32C0xx_HAL_Driver/Src/stm32c0xx_hal_cortex.o
 .debug_aranges
                0x00000000000002d0       0x58 ./Drivers/STM32C0xx_HAL_Driver/Src/stm32c0xx_hal_gpio.o
 .debug_aranges
                0x0000000000000328       0x88 ./Drivers/STM32C0xx_HAL_Driver/Src/stm32c0xx_hal_rcc.o
 .debug_aranges
                0x00000000000003b0      0x278 ./Drivers/STM32C0xx_HAL_Driver/Src/stm32c0xx_hal_tim.o
 .debug_aranges
                0x0000000000000628      0x138 ./Drivers/STM32C0xx_HAL_Driver/Src/stm32c0xx_hal_tim_ex.o

.debug_ranges   0x0000000000000000     0x1438
 .debug_ranges  0x0000000000000000      0x1f8 ./Core/Src/game.o
 .debug_ranges  0x00000000000001f8      0x148 ./Core/Src/main.o
 .debug_ranges  0x0000000000000340       0x78 ./Core/Src/stm32c0xx_hal_msp.o
 .debug_ranges  0x00000000000003b8       0x30 ./Core/Src/stm32c0xx_it.o
 .debug_ranges  0x00000000000003e8       0x18 ./Core/Src/system_stm32c0xx.o
 .debug_ranges  0x0000000000000400       0x20 ./Core/Startup/startup_stm32c011j6mx.o
 .debug_ranges  0x0000000000000420      0x118 ./Drivers/STM32C0xx_HAL_Driver/Src/stm32c0xx_hal.o
 .debug_ranges  0x0000000000000538      0x118 ./Drivers/STM32C0xx_HAL_Driver/Src/stm32c0xx_hal_cortex.o
 .debug_ranges  0x0000000000000650       0x48 ./Drivers/STM32C0xx_HAL_Driver/Src/stm32c0xx_hal_gpio.o
 .debug_ranges  0x0000000000000698       0xe8 ./Drivers/STM32C0xx_HAL_Driver/Src/stm32c0xx_hal_rcc.o
 .debug_ranges  0x0000000000000780      0xab0 ./Drivers/STM32C0xx_HAL_Driver/Src/stm32c0xx_hal_tim.o
 .debug_ranges  0x0000000000001230      0x208 ./Drivers/STM32C0xx_HAL_Driver/Src/stm32c0xx_hal_tim_ex.o

.debug_macro    0x0000000000000000    0x122f9
 .debug_macro   0x0000000000000000      0x1cf ./Core/Src/game.o
 .debug_macro   0x00000000000001cf      0xa5a ./Core/Src/game.o
 .debug_macro   0x0000000000000c29       0x2e ./Core/Src/game.o
 .debug_macro   0x0000000000000c57       0x28 ./Core/Src/game.o
 .debug_macro   0x0000000000000c7f       0x22 ./Core/Src/game.o
 .debug_macro   0x0000000000000ca1       0x8e ./Core/Src/game.o
 .debug_macro   0x0000000000000d2f       0x51 ./Core/Src/game.o
 .debug_macro   0x0000000000000d80      0x103 ./Core/Src/game.o
 .debug_macro   0x0000000000000e83       0x6a ./Core/Src/game.o
 .debug_macro   0x0000000000000eed      0x1df ./Core/Src/game.o
 .debug_macro   0x00000000000010cc       0x1c ./Core/Src/game.o
 .debug_macro   0x00000000000010e8       0x22 ./Core/Src/game.o
 .debug_macro   0x000000000000110a       0xd1 ./Core/Src/game.o
 .debug_macro   0x00000000000011db      0x4da ./Core/Src/game.o
 .debug_macro   0x00000000000016b5      0x11f ./Core/Src/game.o
 .debug_macro   0x00000000000017d4     0x911a ./Core/Src/game.o
 .debug_macro   0x000000000000a8ee       0x6c ./Core/Src/game.o
 .debug_macro   0x000000000000a95a      0x142 ./Core/Src/game.o
 .debug_macro   0x000000000000aa9c       0xe3 ./Core/Src/game.o
 .debug_macro   0x000000000000ab7f     0x340f ./Core/Src/game.o
 .debug_macro   0x000000000000df8e      0x174 ./Core/Src/game.o
 .debug_macro   0x000000000000e102       0x5a ./Core/Src/game.o
 .debug_macro   0x000000000000e15c      0x327 ./Core/Src/game.o
 .debug_macro   0x000000000000e483      0xaee ./Core/Src/game.o
 .debug_macro   0x000000000000ef71      0x136 ./Core/Src/game.o
 .debug_macro   0x000000000000f0a7      0x158 ./Core/Src/game.o
 .debug_macro   0x000000000000f1ff      0x166 ./Core/Src/game.o
 .debug_macro   0x000000000000f365      0x264 ./Core/Src/game.o
 .debug_macro   0x000000000000f5c9      0x17e ./Core/Src/game.o
 .debug_macro   0x000000000000f747       0x43 ./Core/Src/game.o
 .debug_macro   0x000000000000f78a      0x1f1 ./Core/Src/game.o
 .debug_macro   0x000000000000f97b      0x1aa ./Core/Src/game.o
 .debug_macro   0x000000000000fb25      0x34b ./Core/Src/game.o
 .debug_macro   0x000000000000fe70       0x28 ./Core/Src/game.o
 .debug_macro   0x000000000000fe98       0xba ./Core/Src/game.o
 .debug_macro   0x000000000000ff52       0xff ./Core/Src/game.o
 .debug_macro   0x0000000000010051       0xc6 ./Core/Src/game.o
 .debug_macro   0x0000000000010117      0xa9f ./Core/Src/game.o
 .debug_macro   0x0000000000010bb6      0x10a ./Core/Src/game.o
 .debug_macro   0x0000000000010cc0      0x3aa ./Core/Src/game.o
 .debug_macro   0x000000000001106a       0x64 ./Core/Src/game.o
 .debug_macro   0x00000000000110ce      0x1dd ./Core/Src/main.o
 .debug_macro   0x00000000000112ab      0x1c6 ./Core/Src/stm32c0xx_hal_msp.o
 .debug_macro   0x0000000000011471      0x1d0 ./Core/Src/stm32c0xx_it.o
 .debug_macro   0x0000000000011641      0x1c2 ./Core/Src/system_stm32c0xx.o
 .debug_macro   0x0000000000011803      0x1da ./Drivers/STM32C0xx_HAL_Driver/Src/stm32c0xx_hal.o
 .debug_macro   0x00000000000119dd      0x1bc ./Drivers/STM32C0xx_HAL_Driver/Src/stm32c0xx_hal_cortex.o
 .debug_macro   0x0000000000011b99      0x1ee ./Drivers/STM32C0xx_HAL_Driver/Src/stm32c0xx_hal_gpio.o
 .debug_macro   0x0000000000011d87      0x1ec ./Drivers/STM32C0xx_HAL_Driver/Src/stm32c0xx_hal_rcc.o
 .debug_macro   0x0000000000011f73      0x1c4 ./Drivers/STM32C0xx_HAL_Driver/Src/stm32c0xx_hal_tim.o
 .debug_macro   0x0000000000012137      0x1c2 ./Drivers/STM32C0xx_HAL_Driver/Src/stm32c0xx_hal_tim_ex.o

.debug_line     0x0000000000000000     0xf110
 .debug_line    0x0000000000000000      0xf5e ./Core/Src/game.o
 .debug_line    0x0000000000000f5e      0xaf0 ./Core/Src/main.o
 .debug_line    0x0000000000001a4e      0x742 ./Core/Src/stm32c0xx_hal_msp.o
 .debug_line    0x0000000000002190      0x745 ./Core/Src/stm32c0xx_it.o
 .debug_line    0x00000000000028d5      0x71c ./Core/Src/system_stm32c0xx.o
 .debug_line    0x0000000000002ff1       0x89 ./Core/Startup/startup_stm32c011j6mx.o
 .debug_line    0x000000000000307a      0xb35 ./Drivers/STM32C0xx_HAL_Driver/Src/stm32c0xx_hal.o
 .debug_line    0x0000000000003baf      0xbac ./Drivers/STM32C0xx_HAL_Driver/Src/stm32c0xx_hal_cortex.o
 .debug_line    0x000000000000475b      0xc51 ./Drivers/STM32C0xx_HAL_Driver/Src/stm32c0xx_hal_gpio.o
 .debug_line    0x00000000000053ac     0x1160 ./Drivers/STM32C0xx_HAL_Driver/Src/stm32c0xx_hal_rcc.o
 .debug_line    0x000000000000650c     0x6aef ./Drivers/STM32C0xx_HAL_Driver/Src/stm32c0xx_hal_tim.o
 .debug_line    0x000000000000cffb     0x2115 ./Drivers/STM32C0xx_HAL_Driver/Src/stm32c0xx_hal_tim_ex.o

.debug_str      0x0000000000000000    0x7432a
 .debug_str     0x0000000000000000    0x7148a ./Core/Src/game.o
                                      0x71a12 (size before relaxing)
 .debug_str     0x000000000007148a      0x95e ./Core/Src/main.o
                                      0x72392 (size before relaxing)
 .debug_str     0x0000000000071de8      0x1f8 ./Core/Src/stm32c0xx_hal_msp.o
                                      0x72017 (size before relaxing)
 .debug_str     0x0000000000071fe0       0xa6 ./Core/Src/stm32c0xx_it.o
                                      0x71e15 (size before relaxing)
 .debug_str     0x0000000000072086       0xb7 ./Core/Src/system_stm32c0xx.o
                                      0x718e6 (size before relaxing)
 .debug_str     0x000000000007213d       0x36 ./Core/Startup/startup_stm32c011j6mx.o
                                         0x7b (size before relaxing)
 .debug_str     0x0000000000072173      0x3d0 ./Drivers/STM32C0xx_HAL_Driver/Src/stm32c0xx_hal.o
                                      0x71eb1 (size before relaxing)
 .debug_str     0x0000000000072543      0x24e ./Drivers/STM32C0xx_HAL_Driver/Src/stm32c0xx_hal_cortex.o
                                      0x71ccb (size before relaxing)
 .debug_str     0x0000000000072791      0x202 ./Drivers/STM32C0xx_HAL_Driver/Src/stm32c0xx_hal_gpio.o
                                      0x71ab6 (size before relaxing)
 .debug_str     0x0000000000072993      0x457 ./Drivers/STM32C0xx_HAL_Driver/Src/stm32c0xx_hal_rcc.o
                                      0x71ec6 (size before relaxing)
 .debug_str     0x0000000000072dea      0xe67 ./Drivers/STM32C0xx_HAL_Driver/Src/stm32c0xx_hal_tim.o
                                      0x72dfc (size before relaxing)
 .debug_str     0x0000000000073c51      0x6d9 ./Drivers/STM32C0xx_HAL_Driver/Src/stm32c0xx_hal_tim_ex.o
                                      0x7279a (size before relaxing)

.comment        0x0000000000000000       0x50
 .comment       0x0000000000000000       0x50 ./Core/Src/game.o
                                         0x51 (size before relaxing)
 .comment       0x0000000000000050       0x51 ./Core/Src/main.o
 .comment       0x0000000000000050       0x51 ./Core/Src/stm32c0xx_hal_msp.o
 .comment       0x0000000000000050       0x51 ./Core/Src/stm32c0xx_it.o
 .comment       0x0000000000000050       0x51 ./Core/Src/system_stm32c0xx.o
 .comment       0x0000000000000050       0x51 ./Drivers/STM32C0xx_HAL_Driver/Src/stm32c0xx_hal.o
 .comment       0x0000000000000050       0x51 ./Drivers/STM32C0xx_HAL_Driver/Src/stm32c0xx_hal_cortex.o
 .comment       0x0000000000000050       0x51 ./Drivers/STM32C0xx_HAL_Driver/Src/stm32c0xx_hal_gpio.o
 .comment       0x0000000000000050       0x51 ./Drivers/STM32C0xx_HAL_Driver/Src/stm32c0xx_hal_rcc.o
 .comment       0x0000000000000050       0x51 ./Drivers/STM32C0xx_HAL_Driver/Src/stm32c0xx_hal_tim.o
 .comment       0x0000000000000050       0x51 ./Drivers/STM32C0xx_HAL_Driver/Src/stm32c0xx_hal_tim_ex.o

.debug_frame    0x0000000000000000     0x16e0
 .debug_frame   0x0000000000000000       0xf0 ./Core/Src/game.o
 .debug_frame   0x00000000000000f0       0x78 ./Core/Src/main.o
 .debug_frame   0x0000000000000168       0x54 ./Core/Src/stm32c0xx_hal_msp.o
 .debug_frame   0x00000000000001bc       0x80 ./Core/Src/stm32c0xx_it.o
 .debug_frame   0x000000000000023c       0x30 ./Core/Src/system_stm32c0xx.o
 .debug_frame   0x000000000000026c      0x210 ./Drivers/STM32C0xx_HAL_Driver/Src/stm32c0xx_hal.o
 .debug_frame   0x000000000000047c      0x11c ./Drivers/STM32C0xx_HAL_Driver/Src/stm32c0xx_hal_cortex.o
 .debug_frame   0x0000000000000598       0xe4 ./Drivers/STM32C0xx_HAL_Driver/Src/stm32c0xx_hal_gpio.o
 .debug_frame   0x000000000000067c      0x15c ./Drivers/STM32C0xx_HAL_Driver/Src/stm32c0xx_hal_rcc.o
 .debug_frame   0x00000000000007d8      0x9e8 ./Drivers/STM32C0xx_HAL_Driver/Src/stm32c0xx_hal_tim.o
 .debug_frame   0x00000000000011c0      0x4b4 ./Drivers/STM32C0xx_HAL_Driver/Src/stm32c0xx_hal_tim_ex.o
 .debug_frame   0x0000000000001674       0x2c c:/st/stm32cubeide_1.10.1/stm32cubeide/plugins/com.st.stm32cube.ide.mcu.externaltools.gnu-tools-for-stm32.10.3-2021.10.win32_1.0.0.202111181127/tools/bin/../lib/gcc/arm-none-eabi/10.3.1/../../../../arm-none-eabi/lib/thumb/v6-m/nofp\libc_nano.a(lib_a-init.o)
 .debug_frame   0x00000000000016a0       0x20 c:/st/stm32cubeide_1.10.1/stm32cubeide/plugins/com.st.stm32cube.ide.mcu.externaltools.gnu-tools-for-stm32.10.3-2021.10.win32_1.0.0.202111181127/tools/bin/../lib/gcc/arm-none-eabi/10.3.1/../../../../arm-none-eabi/lib/thumb/v6-m/nofp\libc_nano.a(lib_a-memset.o)
 .debug_frame   0x00000000000016c0       0x20 c:/st/stm32cubeide_1.10.1/stm32cubeide/plugins/com.st.stm32cube.ide.mcu.externaltools.gnu-tools-for-stm32.10.3-2021.10.win32_1.0.0.202111181127/tools/bin/../lib/gcc/arm-none-eabi/10.3.1/thumb/v6-m/nofp\libgcc.a(_udivsi3.o)
